Unity Editor version:    2022.3.62f3 (96770f904ca7)
Branch:                  2022.3/respin/2022.3.62f2-4af31df585-v2
Build type:              Release
Batch mode:              YES
macOS version:           Version 26.5 (Build 25F71)
Darwin version:          25.5.0
Architecture:            arm64
Running under Rosetta:   NO
Available memory:        16384 MB
[Licensing::Module] Trying to connect to existing licensing client channel...
No explicit failure code handling for error of type 1
[Licensing::IpcConnector] Error: Failed to connect to LicenseClient-panjingyu channel (error code: 0x80000000) .
[Licensing::IpcConnector] Error: Connection to channel: "LicenseClient-panjingyu" failed; code: "0x80000000"
[Licensing::IpcConnector] Error: Failed to connect to LicenseClient-panjingyu channel (error code: 0x80000000) .
[Licensing::IpcConnector] Channel LicenseClient-panjingyu-2022.3.62 doesn't exist
Launching external process: /Applications/Unity/Hub/Editor/2022.3.62f3/Unity.app/Contents/Frameworks/UnityLicensingClient.app/Contents/MacOS/Unity.Licensing.Client
[Licensing::Module] Successfully launched the LicensingClient (PId: 94398)
[Licensing::IpcConnector] Channel LicenseClient-panjingyu-2022.3.62 doesn't exist
[Licensing::Module] Timed-out after 60.01s, waiting for channel: "LicenseClient-panjingyu-2022.3.62"
IPC channel to LicensingClient doesn't exist; aborting
